▲ Next.js 16.3.4 (Turbopack)
- Local:         http://localhost:3000
- Network:       http://192.168.1.105:3000
- Environments: .env
✓ Ready in 1838ms
⚠ Warning: Next.js ignored package-lock.json in C:\Users\kal256 because it is outside the current Git repository (C:\Users\kal256\group-study-flow\studyflow).
 To use this directory, set `turbopack.root` in your Next.js config.

✓ Running next.config.ts took 124ms

 GET /auth/login 200 in 2.6s (next.js: 761ms, proxy.ts: 107ms, application-code: 1725ms)
 GET /auth/login 200 in 2.5s (next.js: 779ms, proxy.ts: 49ms, application-code: 1701ms)
 GET /courses 200 in 6.0s (next.js: 214ms, proxy.ts: 5.4s, application-code: 378ms)
 GET /api/auth/providers 200 in 5.8s (next.js: 5.3s, application-code: 486ms)
 GET /api/auth/session 200 in 5.8s (next.js: 5.3s, application-code: 501ms)
 GET /api/auth/providers 200 in 162ms (next.js: 98ms, application-code: 65ms)
 GET /api/auth/session 200 in 148ms (next.js: 105ms, application-code: 43ms)
 GET / 200 in 9.0s (next.js: 315ms, proxy.ts: 8.2s, application-code: 452ms)
 GET /api/auth/session 200 in 147ms (next.js: 96ms, application-code: 51ms)
 GET /api/auth/session 200 in 315ms (next.js: 286ms, application-code: 29ms)
 GET /api/auth/session 200 in 1863ms (next.js: 49ms, application-code: 1814ms)
 GET /api/courses 200 in 2.6s (next.js: 316ms, application-code: 2.3s)
 GET /api/categories 200 in 1938ms (next.js: 202ms, application-code: 1736ms)
 GET /api/courses 200 in 1405ms (next.js: 8ms, application-code: 1397ms)
 GET /api/auth/session 200 in 2.8s (next.js: 14ms, application-code: 2.8s)
 GET /api/categories 200 in 1298ms (next.js: 15ms, application-code: 1283ms)
 GET /api/auth/session 200 in 592ms (next.js: 27ms, application-code: 565ms)
 GET /api/auth/session 200 in 3.6s (next.js: 12ms, application-code: 3.6s)
 GET /api/courses 200 in 3.9s (next.js: 14ms, application-code: 3.9s)
 GET /api/auth/session 200 in 653ms (next.js: 9ms, application-code: 644ms)
 GET /api/auth/session 200 in 1027ms (next.js: 8ms, application-code: 1018ms)
 GET /api/courses 200 in 1084ms (next.js: 9ms, application-code: 1075ms)
 GET /api/auth/session 200 in 1086ms (next.js: 7ms, application-code: 1079ms)
 GET /api/auth/session 200 in 1040ms (next.js: 40ms, application-code: 1000ms)
 GET /api/courses 200 in 1548ms (next.js: 9ms, application-code: 1539ms)
 GET /api/courses 200 in 1174ms (next.js: 18ms, application-code: 1157ms)
 GET /api/courses 200 in 1173ms (next.js: 6ms, application-code: 1167ms)
 GET /api/courses 200 in 1862ms (next.js: 7ms, application-code: 1855ms)
 GET /api/courses 200 in 1243ms (next.js: 6ms, application-code: 1238ms)
 GET /api/courses 200 in 1358ms (next.js: 9ms, application-code: 1349ms)
 GET /api/courses 200 in 1420ms (next.js: 9ms, application-code: 1412ms)
✓ Compiled in 2.3s
[browser] A tree hydrated but some attributes of the server rendered HTML didn't match the client properties. This won't be patched up. This can happen if a SSR-ed Client Component used:

- A server/client branch `if (typeof window !== 'undefined')`.
- Variable input such as `Date.now()` or `Math.random()` which changes each time it's called.
- Date formatting in a user's locale which doesn't match the server.
- External changing data without sending a snapshot of it along with the HTML.
- Invalid HTML tag nesting.

It can also happen if the client has a browser extension installed which messes with the HTML before React loaded.

https://react.dev/link/hydration-mismatch

  ...
    <HotReload globalError={[...]} webSocket={WebSocket} staticIndicatorState={{pathname:null, ...}}>
      <AppDevOverlayErrorBoundary globalError={[...]}>
        <ReplaySsrOnlyErrors>
        <DevRootHTTPAccessFallbackBoundary>
          <HTTPAccessFallbackBoundary notFound={<NotAllowedRootHTTPFallbackError>}>
            <HTTPAccessFallbackErrorBoundary pathname="/courses" notFound={<NotAllowedRootHTTPFallbackError>} ...>
              <RedirectBoundary>
                <RedirectErrorBoundary router={{...}}>
                  <Head>
                  <__next_root_layout_boundary__>
                    <SegmentViewNode type="layout" pagePath="layout.tsx">
                      <SegmentTrieNode>
                      <link>
                      <script>
                      <RootLayout>
                        <html lang="en" className="geist_a715...">
                          <head>
                          <body
                            className="min-h-full flex flex-col bg-[var(--background)] text-[var(--foreground)]"
-                           data-new-gr-c-s-check-loaded="14.1332.0"
-                           data-gr-ext-installed=""
                          >
                  ...
 
 GET /api/auth/session 200 in 1277ms (next.js: 296ms, application-code: 981ms)
 GET /api/auth/session 200 in 1653ms (next.js: 357ms, application-code: 1296ms)
 GET /api/auth/session 200 in 416ms (next.js: 31ms, application-code: 385ms)
 GET /api/auth/session 200 in 437ms (next.js: 8ms, application-code: 429ms)
 GET /api/auth/session 200 in 747ms (next.js: 9ms, application-code: 738ms)
 GET /api/courses 200 in 2.5s (next.js: 282ms, application-code: 2.2s)
✓ Compiled in 883ms
 GET /api/auth/session 200 in 1439ms (next.js: 220ms, application-code: 1219ms)
 GET /api/auth/session 200 in 1439ms (next.js: 528ms, application-code: 911ms)
 GET / 200 in 981ms (next.js: 161ms, proxy.ts: 631ms, application-code: 190ms)
 GET /auth/login 200 in 388ms (next.js: 61ms, proxy.ts: 24ms, application-code: 303ms)
 GET /courses 200 in 797ms (next.js: 98ms, proxy.ts: 597ms, application-code: 102ms)
 GET /api/courses 200 in 1248ms (next.js: 12ms, application-code: 1237ms)
 GET /api/auth/session 200 in 578ms (next.js: 34ms, application-code: 543ms)
 GET /api/courses 200 in 1294ms (next.js: 29ms, application-code: 1264ms)
 GET /api/courses 200 in 1286ms (next.js: 7ms, application-code: 1280ms)
 GET /api/courses 200 in 2.5s (next.js: 23ms, application-code: 2.5s)
 GET /api/courses 200 in 2.2s (next.js: 7ms, application-code: 2.2s)
 GET /api/courses 200 in 1252ms (next.js: 12ms, application-code: 1240ms)
 GET /api/courses 200 in 1490ms (next.js: 32ms, application-code: 1459ms)
 GET /api/courses 200 in 1274ms (next.js: 8ms, application-code: 1266ms)
 GET /api/courses 200 in 1101ms (next.js: 7ms, application-code: 1094ms)
 GET /api/courses 200 in 1602ms (next.js: 13ms, application-code: 1589ms)
 GET /auth/login 200 in 189ms (next.js: 19ms, proxy.ts: 13ms, application-code: 157ms)
 GET /api/courses 200 in 1702ms (next.js: 16ms, application-code: 1686ms)
 GET /api/auth/session 200 in 1003ms (next.js: 265ms, application-code: 739ms)
 GET /api/auth/session 200 in 367ms (next.js: 10ms, application-code: 357ms)
 GET /api/auth/session 200 in 1612ms (next.js: 306ms, application-code: 1306ms)
 GET /api/auth/session 200 in 738ms (next.js: 9ms, application-code: 730ms)
 GET /api/courses 200 in 2.4s (next.js: 140ms, application-code: 2.2s)
 GET /api/auth/session 200 in 733ms (next.js: 18ms, application-code: 714ms)
 GET /api/auth/session 200 in 609ms (next.js: 10ms, application-code: 599ms)
 GET /api/auth/session 200 in 584ms (next.js: 13ms, application-code: 571ms)
 GET /api/auth/session 200 in 616ms (next.js: 10ms, application-code: 607ms)
 GET /auth/login 200 in 422ms (next.js: 33ms, proxy.ts: 23ms, application-code: 366ms)
 GET /api/auth/session 200 in 131ms (next.js: 60ms, application-code: 71ms)
 GET /api/auth/providers 200 in 117ms (next.js: 67ms, application-code: 51ms)
 GET /api/auth/session 200 in 39ms (next.js: 11ms, application-code: 28ms)
 GET /api/auth/providers 200 in 69ms (next.js: 45ms, application-code: 24ms)
 GET /api/auth/session 200 in 49ms (next.js: 15ms, application-code: 33ms)
 GET /api/auth/session 200 in 45ms (next.js: 13ms, application-code: 32ms)
 GET /api/courses 200 in 1582ms (next.js: 69ms, application-code: 1512ms)
 GET /auth/login 200 in 217ms (next.js: 17ms, proxy.ts: 23ms, application-code: 177ms)
 GET /api/auth/providers 200 in 83ms (next.js: 36ms, application-code: 47ms)
 GET /api/auth/session 200 in 87ms (next.js: 65ms, application-code: 22ms)
 GET /api/auth/providers 200 in 80ms (next.js: 15ms, application-code: 65ms)
 GET /api/auth/session 200 in 83ms (next.js: 50ms, application-code: 33ms)
 GET /api/auth/session 200 in 49ms (next.js: 27ms, application-code: 22ms)
 GET /api/auth/session 200 in 35ms (next.js: 12ms, application-code: 23ms)
 GET /api/courses 200 in 1676ms (next.js: 14ms, application-code: 1662ms)
 GET /auth/login 200 in 131ms (next.js: 13ms, proxy.ts: 10ms, application-code: 108ms)
 GET /auth/login 200 in 245ms (next.js: 40ms, proxy.ts: 28ms, application-code: 177ms)
 GET /api/auth/providers 200 in 85ms (next.js: 33ms, application-code: 52ms)
 GET /api/auth/session 200 in 101ms (next.js: 64ms, application-code: 37ms)
 GET /api/auth/session 200 in 100ms (next.js: 26ms, application-code: 74ms)
 GET /api/auth/providers 200 in 93ms (next.js: 55ms, application-code: 39ms)
 GET /api/auth/session 200 in 248ms (next.js: 158ms, application-code: 89ms)
 GET /api/auth/session 200 in 44ms (next.js: 26ms, application-code: 19ms)
 GET /api/courses 200 in 1695ms (next.js: 11ms, application-code: 1684ms)
 GET /api/courses 200 in 1670ms (next.js: 11ms, application-code: 1659ms)
 GET /api/courses 200 in 1123ms (next.js: 15ms, application-code: 1108ms)
 GET /api/courses 200 in 3.6s (next.js: 8ms, application-code: 3.6s)
 GET /api/courses 200 in 4.3s (next.js: 11ms, application-code: 4.2s)
 GET /auth/login 200 in 196ms (next.js: 25ms, proxy.ts: 17ms, application-code: 154ms)
 GET /api/auth/session 200 in 68ms (next.js: 28ms, application-code: 41ms)
 GET /api/auth/providers 200 in 70ms (next.js: 50ms, application-code: 20ms)
 GET /api/auth/session 200 in 77ms (next.js: 15ms, application-code: 62ms)
 GET /api/auth/providers 200 in 82ms (next.js: 49ms, application-code: 33ms)
 GET /api/auth/session 200 in 34ms (next.js: 14ms, application-code: 20ms)
 GET /api/auth/session 200 in 29ms (next.js: 9ms, application-code: 20ms)
 GET /api/courses 200 in 4.3s (next.js: 6ms, application-code: 4.3s)
 GET /api/courses 200 in 2.5s (next.js: 39ms, application-code: 2.5s)
 GET /api/courses 200 in 3.6s (next.js: 35ms, application-code: 3.6s)
 GET /api/courses 200 in 2.2s (next.js: 11ms, application-code: 2.2s)
 GET /api/courses 200 in 3.0s (next.js: 27ms, application-code: 3.0s)
 GET /api/courses 200 in 2.7s (next.js: 47ms, application-code: 2.6s)
 GET /api/courses 200 in 2.0s (next.js: 17ms, application-code: 2.0s)
 GET /api/courses 200 in 1445ms (next.js: 14ms, application-code: 1431ms)
 GET /api/auth/session 200 in 933ms (next.js: 51ms, application-code: 882ms)
 GET /api/auth/session 200 in 1262ms (next.js: 199ms, application-code: 1063ms)
 GET /api/auth/session 200 in 644ms (next.js: 7ms, application-code: 637ms)
 GET /api/auth/session 200 in 601ms (next.js: 5ms, application-code: 596ms)
 GET /api/auth/session 200 in 384ms (next.js: 10ms, application-code: 373ms)
 GET /api/auth/session 200 in 384ms (next.js: 7ms, application-code: 377ms)
 GET /api/auth/session 200 in 728ms (next.js: 17ms, application-code: 711ms)
 GET /api/courses 200 in 1674ms (next.js: 11ms, application-code: 1663ms)
 GET /api/auth/session 200 in 776ms (next.js: 145ms, application-code: 630ms)
 GET /api/courses 200 in 1834ms (next.js: 29ms, application-code: 1804ms)
 GET /api/courses 200 in 1309ms (next.js: 18ms, application-code: 1291ms)
 GET /api/courses 200 in 2.1s (next.js: 18ms, application-code: 2.1s)
 GET /api/courses 200 in 1357ms (next.js: 25ms, application-code: 1331ms)
 GET /api/courses 200 in 1206ms (next.js: 23ms, application-code: 1182ms)
 GET /api/courses 200 in 1338ms (next.js: 42ms, application-code: 1296ms)
 GET /api/courses 200 in 1102ms (next.js: 15ms, application-code: 1087ms)
 GET /api/courses 200 in 1142ms (next.js: 25ms, application-code: 1117ms)
 GET /api/courses 200 in 1166ms (next.js: 15ms, application-code: 1151ms)
 GET /api/courses 200 in 5.8s (next.js: 5ms, application-code: 5.8s)
 GET /api/auth/session 200 in 2.2s (next.js: 64ms, application-code: 2.1s)
 GET /api/auth/session 200 in 466ms (next.js: 10ms, application-code: 456ms)
 GET /api/courses 200 in 9.1s (next.js: 17ms, application-code: 9.1s)
 GET /auth/login 200 in 348ms (next.js: 28ms, proxy.ts: 18ms, application-code: 303ms)
 GET /api/auth/providers 200 in 176ms (next.js: 72ms, application-code: 104ms)
 GET /api/auth/session 200 in 197ms (next.js: 142ms, application-code: 55ms)
 GET /api/auth/providers 200 in 36ms (next.js: 14ms, application-code: 22ms)
 GET /api/auth/session 200 in 51ms (next.js: 17ms, application-code: 34ms)
 GET /api/auth/session 200 in 34ms (next.js: 13ms, application-code: 21ms)
 GET /api/auth/session 200 in 45ms (next.js: 15ms, application-code: 30ms)
 GET /api/auth/session 200 in 9.1s (next.js: 84ms, application-code: 9.1s)
 GET /api/auth/session 200 in 1267ms (next.js: 21ms, application-code: 1246ms)
 GET /api/courses 200 in 7.1s (next.js: 11ms, application-code: 7.1s)
 GET /api/courses 200 in 3.3s (next.js: 10ms, application-code: 3.3s)
 GET /api/courses 200 in 1924ms (next.js: 25ms, application-code: 1899ms)
 GET /api/courses 200 in 3.0s (next.js: 12ms, application-code: 3.0s)
 GET /api/courses 200 in 1535ms (next.js: 28ms, application-code: 1507ms)
 GET /api/courses 200 in 1812ms (next.js: 9ms, application-code: 1803ms)
 GET /api/courses 200 in 6.1s (next.js: 6ms, application-code: 6.1s)
 GET /api/courses 200 in 923ms (next.js: 11ms, application-code: 912ms)
 GET /api/courses 200 in 4.6s (next.js: 9ms, application-code: 4.6s)
 GET /api/courses 200 in 3.5s (next.js: 9ms, application-code: 3.5s)
 GET /api/courses 200 in 7.2s (next.js: 13ms, application-code: 7.2s)
 GET /api/courses 200 in 2.8s (next.js: 13ms, application-code: 2.8s)
 GET /api/courses 200 in 2.9s (next.js: 8ms, application-code: 2.9s)
 GET /api/courses 200 in 3.6s (next.js: 5ms, application-code: 3.6s)
 GET /api/courses 200 in 3.4s (next.js: 47ms, application-code: 3.3s)
 GET /api/courses 200 in 4.1s (next.js: 11ms, application-code: 4.1s)
 GET /api/courses 200 in 3.0s (next.js: 9ms, application-code: 3.0s)
 GET /api/courses 200 in 10.4s (next.js: 6ms, application-code: 10.4s)
 GET /api/courses 200 in 4.0s (next.js: 34ms, application-code: 4.0s)
 GET /api/courses 200 in 3.4s (next.js: 19ms, application-code: 3.4s)
 GET /auth/login 200 in 308ms (next.js: 15ms, proxy.ts: 33ms, application-code: 260ms)
 GET /api/auth/session 200 in 80ms (next.js: 50ms, application-code: 31ms)
 GET /api/auth/providers 200 in 133ms (next.js: 100ms, application-code: 32ms)
 GET /api/auth/session 200 in 47ms (next.js: 20ms, application-code: 26ms)
 GET /api/auth/providers 200 in 46ms (next.js: 15ms, application-code: 31ms)
 GET /api/auth/session 200 in 29ms (next.js: 9ms, application-code: 20ms)
 GET /api/auth/session 200 in 64ms (next.js: 18ms, application-code: 46ms)
 GET /api/courses 200 in 2.5s (next.js: 8ms, application-code: 2.4s)
 GET /api/courses 200 in 3.1s (next.js: 11ms, application-code: 3.1s)
✓ Compiled in 1856ms
 GET /auth/login 200 in 2.5s (next.js: 1815ms, proxy.ts: 21ms, application-code: 700ms)
 GET /api/auth/providers 200 in 95ms (next.js: 34ms, application-code: 61ms)
 GET /api/auth/session 200 in 102ms (next.js: 67ms, application-code: 35ms)
 GET /api/auth/providers 200 in 93ms (next.js: 31ms, application-code: 62ms)
 GET /api/auth/session 200 in 98ms (next.js: 66ms, application-code: 31ms)
 GET /api/auth/session 200 in 46ms (next.js: 26ms, application-code: 20ms)
 GET /api/auth/session 200 in 25ms (next.js: 7ms, application-code: 18ms)
 GET / 200 in 3.6s (next.js: 73ms, proxy.ts: 3.4s, application-code: 126ms)
 GET /auth/login 200 in 303ms (next.js: 35ms, proxy.ts: 35ms, application-code: 233ms)
 GET /courses 200 in 4.5s (next.js: 116ms, proxy.ts: 4.2s, application-code: 165ms)
 GET /api/auth/session 200 in 119ms (next.js: 46ms, application-code: 73ms)
 GET /api/auth/providers 200 in 121ms (next.js: 87ms, application-code: 34ms)
 GET /api/auth/session 200 in 85ms (next.js: 28ms, application-code: 57ms)
 GET /api/auth/providers 200 in 90ms (next.js: 57ms, application-code: 33ms)
 GET /api/auth/session 200 in 44ms (next.js: 25ms, application-code: 20ms)
 GET /api/auth/session 200 in 39ms (next.js: 12ms, application-code: 26ms)
 GET /auth/login 200 in 182ms (next.js: 21ms, proxy.ts: 25ms, application-code: 136ms)
 GET /api/auth/session 200 in 76ms (next.js: 19ms, application-code: 57ms)
 GET /api/auth/providers 200 in 83ms (next.js: 46ms, application-code: 37ms)
 GET /api/auth/session 200 in 96ms (next.js: 48ms, application-code: 48ms)
 GET /api/auth/providers 200 in 89ms (next.js: 67ms, application-code: 22ms)
 GET /api/auth/session 200 in 35ms (next.js: 14ms, application-code: 21ms)
 GET /api/auth/session 200 in 24ms (next.js: 7ms, application-code: 18ms)
 GET /api/courses 200 in 11.8s (next.js: 7ms, application-code: 11.8s)
 GET /api/courses 200 in 1555ms (next.js: 21ms, application-code: 1535ms)
 GET /auth/login 200 in 244ms (next.js: 22ms, proxy.ts: 29ms, application-code: 192ms)
 GET /api/auth/providers 200 in 103ms (next.js: 47ms, application-code: 55ms)
 GET /api/auth/session 200 in 114ms (next.js: 80ms, application-code: 34ms)
 GET /api/auth/session 200 in 72ms (next.js: 12ms, application-code: 60ms)
 GET /api/auth/providers 200 in 79ms (next.js: 35ms, application-code: 44ms)
 GET /api/auth/session 200 in 54ms (next.js: 21ms, application-code: 33ms)
 GET /api/auth/session 200 in 53ms (next.js: 20ms, application-code: 33ms)
 GET /api/courses 200 in 2.3s (next.js: 11ms, application-code: 2.3s)
 GET /api/courses 200 in 2.1s (next.js: 10ms, application-code: 2.1s)
 GET /api/courses 200 in 2.3s (next.js: 12ms, application-code: 2.3s)
 GET /api/courses 200 in 3.0s (next.js: 10ms, application-code: 3.0s)
 GET /api/courses 200 in 3.4s (next.js: 15ms, application-code: 3.3s)
 GET /api/courses 200 in 3.2s (next.js: 11ms, application-code: 3.2s)
 GET /api/courses 200 in 2.7s (next.js: 6ms, application-code: 2.7s)
 GET /api/courses 200 in 1942ms (next.js: 17ms, application-code: 1926ms)
 GET /api/courses 200 in 1500ms (next.js: 6ms, application-code: 1494ms)
 GET /api/courses 200 in 2.9s (next.js: 19ms, application-code: 2.9s)
 GET /auth/login 200 in 173ms (next.js: 18ms, proxy.ts: 20ms, application-code: 135ms)
 GET /courses 200 in 908ms (next.js: 29ms, proxy.ts: 780ms, application-code: 99ms)
 GET / 200 in 2.0s (next.js: 23ms, proxy.ts: 1930ms, application-code: 92ms)
 GET /api/courses 200 in 4.7s (next.js: 24ms, application-code: 4.7s)
 GET /api/courses 200 in 2.2s (next.js: 34ms, application-code: 2.2s)
 GET /api/courses 200 in 1186ms (next.js: 17ms, application-code: 1169ms)
 GET /api/courses 200 in 2.3s (next.js: 11ms, application-code: 2.3s)
 GET /auth/login 200 in 299ms (next.js: 45ms, proxy.ts: 18ms, application-code: 236ms)
 GET /auth/register 200 in 951ms (next.js: 483ms, proxy.ts: 17ms, application-code: 451ms)
 GET /api/courses 200 in 2.1s (next.js: 7ms, application-code: 2.1s)
 GET /api/courses 200 in 2.2s (next.js: 9ms, application-code: 2.1s)
 GET /api/courses 200 in 1175ms (next.js: 8ms, application-code: 1167ms)
 GET /api/courses 200 in 1918ms (next.js: 7ms, application-code: 1911ms)
 GET /api/courses 200 in 1151ms (next.js: 12ms, application-code: 1139ms)
 GET /api/courses 200 in 1319ms (next.js: 8ms, application-code: 1311ms)
 GET /api/courses 200 in 1662ms (next.js: 8ms, application-code: 1653ms)
 GET /api/courses 200 in 1384ms (next.js: 8ms, application-code: 1375ms)
 GET /api/courses 200 in 1284ms (next.js: 18ms, application-code: 1266ms)
 GET /api/courses 200 in 1452ms (next.js: 34ms, application-code: 1417ms)
 GET /api/courses 200 in 1252ms (next.js: 19ms, application-code: 1233ms)
 GET /api/courses 200 in 1293ms (next.js: 8ms, application-code: 1285ms)
 GET /api/courses 200 in 1436ms (next.js: 8ms, application-code: 1429ms)
 GET /api/courses 200 in 1296ms (next.js: 8ms, application-code: 1288ms)
 GET /api/courses 401 in 24ms (next.js: 6ms, application-code: 17ms)
 POST /api/auth/register 201 in 1474ms (next.js: 135ms, application-code: 1338ms)
 POST /api/auth/register 409 in 410ms (next.js: 8ms, application-code: 401ms)
 POST /api/auth/register 400 in 22ms (next.js: 8ms, application-code: 14ms)
 GET /api/courses 200 in 1615ms (next.js: 11ms, application-code: 1604ms)
 GET /api/auth/csrf 200 in 81ms (next.js: 49ms, application-code: 33ms)
 POST /api/auth/callback/credentials 302 in 676ms (next.js: 8ms, application-code: 668ms)
 GET /api/auth/session 200 in 310ms (next.js: 9ms, application-code: 301ms)
 GET / 200 in 535ms (next.js: 92ms, proxy.ts: 283ms, application-code: 160ms)
 GET /api/courses 200 in 570ms (next.js: 9ms, application-code: 561ms)
 POST /api/courses 400 in 471ms (next.js: 8ms, application-code: 464ms)
 GET /api/courses 200 in 2.2s (next.js: 7ms, application-code: 2.2s)
 POST /api/assignments 400 in 3.0s (next.js: 1890ms, application-code: 1082ms)
 GET /api/profile 200 in 3.4s (next.js: 2000ms, application-code: 1412ms)
 PATCH /api/profile 200 in 1323ms (next.js: 13ms, application-code: 1310ms)
 GET /api/courses 200 in 2.3s (next.js: 6ms, application-code: 2.3s)
 GET /api/auth/csrf 200 in 52ms (next.js: 33ms, application-code: 19ms)
[31m[auth][error][0m CredentialsSignin: Read more at https://errors.authjs.dev#credentialssignin
    at Module.callback (C:\Users\kal256\group-study-flow\studyflow\.next\dev\server\chunks\node_modules_@auth_core_1w9o8tb._.js:1182:30)
    at async AuthInternal (C:\Users\kal256\group-study-flow\studyflow\.next\dev\server\chunks\node_modules_@auth_core_1w9o8tb._.js:2511:24)
    at async Auth (C:\Users\kal256\group-study-flow\studyflow\.next\dev\server\chunks\node_modules_@auth_core_1w9o8tb._.js:350:34)
    at async AppRouteRouteModule.do (C:\Users\kal256\group-study-flow\studyflow\node_modules\next\dist\compiled\next-server\app-route-turbo.runtime.dev.js:5:42793)
    at async AppRouteRouteModule.handle (C:\Users\kal256\group-study-flow\studyflow\node_modules\next\dist\compiled\next-server\app-route-turbo.runtime.dev.js:5:50547)
    at async responseGenerator (C:\Users\kal256\group-study-flow\studyflow\.next\dev\server\chunks\node_modules_next_06xpkpi._.js:5328:30)
    at async AppRouteRouteModule.handleResponse (C:\Users\kal256\group-study-flow\studyflow\node_modules\next\dist\compiled\next-server\app-route-turbo.runtime.dev.js:1:250435)
    at async handleResponse (C:\Users\kal256\group-study-flow\studyflow\.next\dev\server\chunks\node_modules_next_06xpkpi._.js:5400:32)
    at async Module.handler (C:\Users\kal256\group-study-flow\studyflow\.next\dev\server\chunks\node_modules_next_06xpkpi._.js:5520:9)
    at async DevServer.renderToResponseWithComponentsImpl (C:\Users\kal256\group-study-flow\studyflow\node_modules\next\dist\server\base-server.js:1537:9)
    at async DevServer.renderPageComponent (C:\Users\kal256\group-study-flow\studyflow\node_modules\next\dist\server\base-server.js:1589:24)
    at async DevServer.renderToResponseImpl (C:\Users\kal256\group-study-flow\studyflow\node_modules\next\dist\server\base-server.js:1639:32)
    at async DevServer.pipeImpl (C:\Users\kal256\group-study-flow\studyflow\node_modules\next\dist\server\base-server.js:1088:25)
    at async NextNodeServer.handleCatchallRenderRequest (C:\Users\kal256\group-study-flow\studyflow\node_modules\next\dist\server\next-server.js:338:17)
    at async DevServer.handleRequestImpl (C:\Users\kal256\group-study-flow\studyflow\node_modules\next\dist\server\base-server.js:979:17)
    at async C:\Users\kal256\group-study-flow\studyflow\node_modules\next\dist\server\dev\next-dev-server.js:426:20
    at async Span.traceAsyncFn (C:\Users\kal256\group-study-flow\studyflow\node_modules\next\dist\trace\trace.js:164:20)
    at async DevServer.handleRequest (C:\Users\kal256\group-study-flow\studyflow\node_modules\next\dist\server\dev\next-dev-server.js:422:24)
    at async invokeRender (C:\Users\kal256\group-study-flow\studyflow\node_modules\next\dist\server\lib\router-server.js:306:21)
    at async handleRequest (C:\Users\kal256\group-study-flow\studyflow\node_modules\next\dist\server\lib\router-server.js:508:24)
    at async requestHandlerImpl (C:\Users\kal256\group-study-flow\studyflow\node_modules\next\dist\server\lib\router-server.js:565:13)
    at async Server.requestListener (C:\Users\kal256\group-study-flow\studyflow\node_modules\next\dist\server\lib\start-server.js:225:13)
 POST /api/auth/callback/credentials 302 in 438ms (next.js: 14ms, application-code: 424ms)
 GET /api/auth/session 200 in 30ms (next.js: 14ms, application-code: 15ms)
 POST /api/auth/forgot-password 200 in 138ms (next.js: 114ms, application-code: 24ms)
 POST /api/auth/signout 302 in 61ms (next.js: 13ms, application-code: 49ms)
 GET /api/auth/session 200 in 67ms (next.js: 20ms, application-code: 47ms)
 GET /api/courses 200 in 1381ms (next.js: 46ms, application-code: 1335ms)
 GET /api/courses 200 in 1279ms (next.js: 16ms, application-code: 1263ms)
 GET /api/courses 200 in 1370ms (next.js: 10ms, application-code: 1360ms)
 GET /api/courses 401 in 38ms (next.js: 7ms, application-code: 31ms)
 POST /api/auth/register 201 in 1091ms (next.js: 67ms, application-code: 1024ms)
 POST /api/auth/register 409 in 272ms (next.js: 11ms, application-code: 262ms)
 POST /api/auth/register 400 in 27ms (next.js: 8ms, application-code: 18ms)
 GET /api/auth/csrf 200 in 46ms (next.js: 30ms, application-code: 17ms)
 POST /api/auth/callback/credentials 302 in 742ms (next.js: 9ms, application-code: 733ms)
 GET /api/courses 200 in 1128ms (next.js: 13ms, application-code: 1115ms)
 GET /api/auth/session 200 in 459ms (next.js: 28ms, application-code: 431ms)
 GET / 200 in 814ms (next.js: 58ms, proxy.ts: 410ms, application-code: 346ms)
 GET /api/courses 200 in 796ms (next.js: 13ms, application-code: 783ms)
 POST /api/courses 400 in 476ms (next.js: 106ms, application-code: 369ms)
 POST /api/assignments 400 in 364ms (next.js: 26ms, application-code: 338ms)
 GET /api/profile 200 in 930ms (next.js: 21ms, application-code: 909ms)
 PATCH /api/profile 200 in 572ms (next.js: 6ms, application-code: 566ms)
 GET /api/auth/csrf 200 in 42ms (next.js: 24ms, application-code: 18ms)
[31m[auth][error][0m CredentialsSignin: Read more at https://errors.authjs.dev#credentialssignin
    at Module.callback (C:\Users\kal256\group-study-flow\studyflow\.next\dev\server\chunks\node_modules_@auth_core_1w9o8tb._.js:1182:30)
    at async AuthInternal (C:\Users\kal256\group-study-flow\studyflow\.next\dev\server\chunks\node_modules_@auth_core_1w9o8tb._.js:2511:24)
    at async Auth (C:\Users\kal256\group-study-flow\studyflow\.next\dev\server\chunks\node_modules_@auth_core_1w9o8tb._.js:350:34)
    at async AppRouteRouteModule.do (C:\Users\kal256\group-study-flow\studyflow\node_modules\next\dist\compiled\next-server\app-route-turbo.runtime.dev.js:5:42793)
    at async AppRouteRouteModule.handle (C:\Users\kal256\group-study-flow\studyflow\node_modules\next\dist\compiled\next-server\app-route-turbo.runtime.dev.js:5:50547)
    at async responseGenerator (C:\Users\kal256\group-study-flow\studyflow\.next\dev\server\chunks\node_modules_next_06xpkpi._.js:5328:30)
    at async AppRouteRouteModule.handleResponse (C:\Users\kal256\group-study-flow\studyflow\node_modules\next\dist\compiled\next-server\app-route-turbo.runtime.dev.js:1:250435)
    at async handleResponse (C:\Users\kal256\group-study-flow\studyflow\.next\dev\server\chunks\node_modules_next_06xpkpi._.js:5400:32)
    at async Module.handler (C:\Users\kal256\group-study-flow\studyflow\.next\dev\server\chunks\node_modules_next_06xpkpi._.js:5520:9)
    at async DevServer.renderToResponseWithComponentsImpl (C:\Users\kal256\group-study-flow\studyflow\node_modules\next\dist\server\base-server.js:1537:9)
    at async DevServer.renderPageComponent (C:\Users\kal256\group-study-flow\studyflow\node_modules\next\dist\server\base-server.js:1589:24)
    at async DevServer.renderToResponseImpl (C:\Users\kal256\group-study-flow\studyflow\node_modules\next\dist\server\base-server.js:1639:32)
    at async DevServer.pipeImpl (C:\Users\kal256\group-study-flow\studyflow\node_modules\next\dist\server\base-server.js:1088:25)
    at async NextNodeServer.handleCatchallRenderRequest (C:\Users\kal256\group-study-flow\studyflow\node_modules\next\dist\server\next-server.js:338:17)
    at async DevServer.handleRequestImpl (C:\Users\kal256\group-study-flow\studyflow\node_modules\next\dist\server\base-server.js:979:17)
    at async C:\Users\kal256\group-study-flow\studyflow\node_modules\next\dist\server\dev\next-dev-server.js:426:20
    at async Span.traceAsyncFn (C:\Users\kal256\group-study-flow\studyflow\node_modules\next\dist\trace\trace.js:164:20)
    at async DevServer.handleRequest (C:\Users\kal256\group-study-flow\studyflow\node_modules\next\dist\server\dev\next-dev-server.js:422:24)
    at async invokeRender (C:\Users\kal256\group-study-flow\studyflow\node_modules\next\dist\server\lib\router-server.js:306:21)
    at async handleRequest (C:\Users\kal256\group-study-flow\studyflow\node_modules\next\dist\server\lib\router-server.js:508:24)
    at async requestHandlerImpl (C:\Users\kal256\group-study-flow\studyflow\node_modules\next\dist\server\lib\router-server.js:565:13)
    at async Server.requestListener (C:\Users\kal256\group-study-flow\studyflow\node_modules\next\dist\server\lib\start-server.js:225:13)
 POST /api/auth/callback/credentials 302 in 375ms (next.js: 9ms, application-code: 366ms)
 GET /api/auth/session 200 in 28ms (next.js: 14ms, application-code: 14ms)
 POST /api/auth/forgot-password 200 in 23ms (next.js: 8ms, application-code: 15ms)
 GET /api/courses 200 in 1396ms (next.js: 7ms, application-code: 1388ms)
 POST /api/auth/signout 302 in 31ms (next.js: 7ms, application-code: 24ms)
 GET /api/auth/session 200 in 26ms (next.js: 8ms, application-code: 18ms)
 GET /api/courses 200 in 3.8s (next.js: 7ms, application-code: 3.8s)
 GET /api/auth/session 200 in 1748ms (next.js: 378ms, application-code: 1370ms)
 GET /api/auth/session 200 in 1165ms (next.js: 103ms, application-code: 1062ms)
 GET /api/auth/session 200 in 588ms (next.js: 37ms, application-code: 551ms)
 GET /api/auth/session 200 in 1077ms (next.js: 47ms, application-code: 1031ms)
 GET /api/courses 200 in 2.8s (next.js: 72ms, application-code: 2.7s)
 GET /api/courses 200 in 830ms (next.js: 10ms, application-code: 819ms)
 GET /api/auth/session 200 in 555ms (next.js: 7ms, application-code: 548ms)
 GET /api/auth/session 200 in 758ms (next.js: 12ms, application-code: 746ms)
 GET /api/auth/session 200 in 445ms (next.js: 14ms, application-code: 431ms)
 GET /api/auth/session 200 in 964ms (next.js: 9ms, application-code: 955ms)
 GET /api/courses 200 in 1155ms (next.js: 7ms, application-code: 1148ms)
 GET /api/courses 200 in 1334ms (next.js: 8ms, application-code: 1326ms)
 GET /api/auth/session 200 in 637ms (next.js: 98ms, application-code: 538ms)
 GET /api/auth/session 200 in 848ms (next.js: 68ms, application-code: 780ms)
 GET /api/auth/session 200 in 1021ms (next.js: 43ms, application-code: 978ms)
 GET /api/auth/session 200 in 1247ms (next.js: 142ms, application-code: 1105ms)
 GET /api/auth/session 200 in 900ms (next.js: 83ms, application-code: 818ms)
 GET /api/auth/session 200 in 796ms (next.js: 13ms, application-code: 783ms)
 GET /api/courses 200 in 3.8s (next.js: 20ms, application-code: 3.8s)
 GET /api/auth/session 200 in 1055ms (next.js: 29ms, application-code: 1026ms)
 GET /api/courses 200 in 1366ms (next.js: 15ms, application-code: 1351ms)
 GET /api/auth/session 200 in 557ms (next.js: 26ms, application-code: 531ms)
 GET /api/courses 200 in 824ms (next.js: 10ms, application-code: 814ms)
 GET /api/courses 200 in 1035ms (next.js: 5ms, application-code: 1029ms)
 GET /api/courses 401 in 39ms (next.js: 7ms, application-code: 32ms)
 GET /api/courses 200 in 1182ms (next.js: 6ms, application-code: 1176ms)
 POST /api/auth/register 201 in 1498ms (next.js: 6ms, application-code: 1492ms)
 POST /api/auth/register 409 in 287ms (next.js: 7ms, application-code: 280ms)
 POST /api/auth/register 400 in 22ms (next.js: 7ms, application-code: 14ms)
 GET /api/auth/csrf 200 in 45ms (next.js: 20ms, application-code: 25ms)
 POST /api/auth/callback/credentials 302 in 359ms (next.js: 7ms, application-code: 352ms)
 GET /api/auth/session 200 in 292ms (next.js: 9ms, application-code: 283ms)
 GET / 200 in 363ms (next.js: 15ms, proxy.ts: 257ms, application-code: 92ms)
 GET /api/courses 200 in 576ms (next.js: 7ms, application-code: 569ms)
 GET /api/categories 200 in 1665ms (next.js: 21ms, application-code: 1645ms)
 GET /api/courses 200 in 1422ms (next.js: 8ms, application-code: 1413ms)
 POST /api/courses 201 in 4.6s (next.js: 10ms, application-code: 4.6s)
 POST /api/assignments 201 in 1619ms (next.js: 20ms, application-code: 1599ms)
 GET /api/courses 200 in 1703ms (next.js: 11ms, application-code: 1693ms)
 PATCH /api/assignments/cmugzhmnq000amgh3lqpstip1 200 in 8.0s (next.js: 5.8s, application-code: 2.2s)
 GET /api/profile 200 in 1241ms (next.js: 23ms, application-code: 1217ms)
 PATCH /api/profile 200 in 2.1s (next.js: 10ms, application-code: 2.1s)
 GET /api/courses 200 in 2.7s (next.js: 16ms, application-code: 2.7s)
 GET /api/auth/csrf 200 in 147ms (next.js: 130ms, application-code: 17ms)
[31m[auth][error][0m CredentialsSignin: Read more at https://errors.authjs.dev#credentialssignin
    at Module.callback (C:\Users\kal256\group-study-flow\studyflow\.next\dev\server\chunks\node_modules_@auth_core_1w9o8tb._.js:1182:30)
    at async AuthInternal (C:\Users\kal256\group-study-flow\studyflow\.next\dev\server\chunks\node_modules_@auth_core_1w9o8tb._.js:2511:24)
    at async Auth (C:\Users\kal256\group-study-flow\studyflow\.next\dev\server\chunks\node_modules_@auth_core_1w9o8tb._.js:350:34)
    at async AppRouteRouteModule.do (C:\Users\kal256\group-study-flow\studyflow\node_modules\next\dist\compiled\next-server\app-route-turbo.runtime.dev.js:5:42793)
    at async AppRouteRouteModule.handle (C:\Users\kal256\group-study-flow\studyflow\node_modules\next\dist\compiled\next-server\app-route-turbo.runtime.dev.js:5:50547)
    at async responseGenerator (C:\Users\kal256\group-study-flow\studyflow\.next\dev\server\chunks\node_modules_next_06xpkpi._.js:5328:30)
    at async AppRouteRouteModule.handleResponse (C:\Users\kal256\group-study-flow\studyflow\node_modules\next\dist\compiled\next-server\app-route-turbo.runtime.dev.js:1:250435)
    at async handleResponse (C:\Users\kal256\group-study-flow\studyflow\.next\dev\server\chunks\node_modules_next_06xpkpi._.js:5400:32)
    at async Module.handler (C:\Users\kal256\group-study-flow\studyflow\.next\dev\server\chunks\node_modules_next_06xpkpi._.js:5520:9)
    at async DevServer.renderToResponseWithComponentsImpl (C:\Users\kal256\group-study-flow\studyflow\node_modules\next\dist\server\base-server.js:1537:9)
    at async DevServer.renderPageComponent (C:\Users\kal256\group-study-flow\studyflow\node_modules\next\dist\server\base-server.js:1589:24)
    at async DevServer.renderToResponseImpl (C:\Users\kal256\group-study-flow\studyflow\node_modules\next\dist\server\base-server.js:1639:32)
    at async DevServer.pipeImpl (C:\Users\kal256\group-study-flow\studyflow\node_modules\next\dist\server\base-server.js:1088:25)
    at async NextNodeServer.handleCatchallRenderRequest (C:\Users\kal256\group-study-flow\studyflow\node_modules\next\dist\server\next-server.js:338:17)
    at async DevServer.handleRequestImpl (C:\Users\kal256\group-study-flow\studyflow\node_modules\next\dist\server\base-server.js:979:17)
    at async C:\Users\kal256\group-study-flow\studyflow\node_modules\next\dist\server\dev\next-dev-server.js:426:20
    at async Span.traceAsyncFn (C:\Users\kal256\group-study-flow\studyflow\node_modules\next\dist\trace\trace.js:164:20)
    at async DevServer.handleRequest (C:\Users\kal256\group-study-flow\studyflow\node_modules\next\dist\server\dev\next-dev-server.js:422:24)
    at async invokeRender (C:\Users\kal256\group-study-flow\studyflow\node_modules\next\dist\server\lib\router-server.js:306:21)
    at async handleRequest (C:\Users\kal256\group-study-flow\studyflow\node_modules\next\dist\server\lib\router-server.js:508:24)
    at async requestHandlerImpl (C:\Users\kal256\group-study-flow\studyflow\node_modules\next\dist\server\lib\router-server.js:565:13)
    at async Server.requestListener (C:\Users\kal256\group-study-flow\studyflow\node_modules\next\dist\server\lib\start-server.js:225:13)
 POST /api/auth/callback/credentials 302 in 1168ms (next.js: 8ms, application-code: 1160ms)
 GET /api/auth/session 200 in 21ms (next.js: 7ms, application-code: 14ms)
 POST /api/auth/forgot-password 200 in 27ms (next.js: 12ms, application-code: 15ms)
 POST /api/auth/signout 302 in 125ms (next.js: 52ms, application-code: 74ms)
 GET /api/auth/session 200 in 44ms (next.js: 26ms, application-code: 19ms)
 GET /api/courses 200 in 4.4s (next.js: 18ms, application-code: 4.4s)
 GET /api/courses 200 in 1235ms (next.js: 12ms, application-code: 1224ms)
 GET /api/courses 200 in 3.3s (next.js: 6ms, application-code: 3.3s)
 GET /api/auth/session 200 in 1440ms (next.js: 100ms, application-code: 1340ms)
 GET /api/auth/session 200 in 1373ms (next.js: 38ms, application-code: 1335ms)
 GET /api/auth/session 200 in 1211ms (next.js: 13ms, application-code: 1199ms)
 GET /api/auth/session 200 in 1884ms (next.js: 16ms, application-code: 1868ms)
 GET /api/courses 200 in 2.7s (next.js: 11ms, application-code: 2.6s)
 GET /auth/login 200 in 375ms (next.js: 32ms, proxy.ts: 27ms, application-code: 316ms)
 GET /api/auth/providers 200 in 140ms (next.js: 63ms, application-code: 77ms)
 GET /api/auth/session 200 in 168ms (next.js: 90ms, application-code: 78ms)
 GET /api/auth/providers 200 in 80ms (next.js: 20ms, application-code: 60ms)
 GET /api/auth/session 200 in 85ms (next.js: 54ms, application-code: 31ms)
 GET /api/auth/session 200 in 42ms (next.js: 15ms, application-code: 27ms)
 GET /api/auth/session 200 in 51ms (next.js: 10ms, application-code: 42ms)
 GET /api/courses 200 in 2.8s (next.js: 7ms, application-code: 2.8s)
 GET /api/courses 200 in 1992ms (next.js: 11ms, application-code: 1981ms)
 GET /api/courses 200 in 2.4s (next.js: 25ms, application-code: 2.3s)
 GET /api/courses 200 in 2.7s (next.js: 11ms, application-code: 2.7s)
 GET /api/courses 200 in 2.2s (next.js: 12ms, application-code: 2.2s)
 GET /auth/register 200 in 106ms (next.js: 27ms, proxy.ts: 19ms, application-code: 59ms)
 GET /api/auth/providers 200 in 91ms (next.js: 62ms, application-code: 29ms)
 GET /api/auth/providers 200 in 37ms (next.js: 15ms, application-code: 22ms)
 GET /api/courses 200 in 3.6s (next.js: 11ms, application-code: 3.6s)
 GET /api/courses 200 in 2.5s (next.js: 8ms, application-code: 2.5s)
 GET /api/courses 200 in 1349ms (next.js: 8ms, application-code: 1341ms)
 GET /api/courses 200 in 1421ms (next.js: 11ms, application-code: 1410ms)
 GET /api/courses 200 in 1269ms (next.js: 10ms, application-code: 1260ms)
 GET /api/courses 200 in 1068ms (next.js: 12ms, application-code: 1056ms)
 GET /api/courses 200 in 2.5s (next.js: 12ms, application-code: 2.4s)
 GET /api/courses 200 in 2.0s (next.js: 10ms, application-code: 2.0s)
 POST /api/auth/register 201 in 918ms (next.js: 54ms, application-code: 864ms)
 GET /api/auth/providers 200 in 51ms (next.js: 28ms, application-code: 22ms)
 GET /api/auth/csrf 200 in 27ms (next.js: 7ms, application-code: 20ms)
 POST /api/auth/callback/credentials? 200 in 522ms (next.js: 8ms, application-code: 514ms)
○ Compiling /profile/complete ...
 GET /profile/complete 200 in 7.4s (next.js: 5.8s, proxy.ts: 279ms, application-code: 1318ms)
 GET /api/auth/session 200 in 2.3s (next.js: 24ms, application-code: 2.3s)
 GET /api/auth/session 200 in 867ms (next.js: 8ms, application-code: 859ms)
 GET /api/auth/session 200 in 1496ms (next.js: 22ms, application-code: 1474ms)
 GET /api/courses 200 in 4.9s (next.js: 8ms, application-code: 4.9s)
 GET /api/auth/session 200 in 485ms (next.js: 35ms, application-code: 450ms)
 GET /api/courses 200 in 1250ms (next.js: 9ms, application-code: 1241ms)
 GET /api/courses 200 in 1655ms (next.js: 8ms, application-code: 1647ms)
 GET /api/courses 200 in 1617ms (next.js: 31ms, application-code: 1586ms)
 GET /api/courses 200 in 1661ms (next.js: 9ms, application-code: 1652ms)
 GET /api/courses 200 in 4.5s (next.js: 7ms, application-code: 4.5s)
 GET /api/courses 200 in 2.1s (next.js: 16ms, application-code: 2.1s)
 GET /api/courses 200 in 4.2s (next.js: 16ms, application-code: 4.2s)
 GET /api/courses 200 in 1842ms (next.js: 7ms, application-code: 1835ms)
 GET /api/courses 200 in 1506ms (next.js: 12ms, application-code: 1494ms)
 GET /api/courses 200 in 1559ms (next.js: 8ms, application-code: 1551ms)
 GET /api/courses 200 in 1806ms (next.js: 7ms, application-code: 1799ms)
 GET /api/courses 200 in 2.7s (next.js: 10ms, application-code: 2.7s)
 GET /api/courses 200 in 1634ms (next.js: 16ms, application-code: 1618ms)
 GET /api/courses 200 in 1723ms (next.js: 8ms, application-code: 1715ms)
 GET /api/courses 200 in 1394ms (next.js: 9ms, application-code: 1385ms)
 GET /api/courses 200 in 1643ms (next.js: 27ms, application-code: 1615ms)
 GET /api/courses 200 in 1677ms (next.js: 17ms, application-code: 1660ms)
 GET /api/courses 200 in 2.3s (next.js: 19ms, application-code: 2.3s)
 GET /api/courses 200 in 1152ms (next.js: 10ms, application-code: 1142ms)
 GET /api/courses 200 in 2.1s (next.js: 12ms, application-code: 2.1s)
 GET /api/courses 200 in 1218ms (next.js: 11ms, application-code: 1206ms)
 GET /api/auth/session 200 in 785ms (next.js: 62ms, application-code: 723ms)
 GET /api/auth/session 200 in 506ms (next.js: 11ms, application-code: 495ms)
 GET /api/courses 200 in 1233ms (next.js: 8ms, application-code: 1225ms)
 GET /api/courses 200 in 1011ms (next.js: 8ms, application-code: 1004ms)
 PATCH /api/profile 200 in 1546ms (next.js: 32ms, application-code: 1514ms)
 GET /api/courses 200 in 2.2s (next.js: 10ms, application-code: 2.2s)
 GET /onboarding 200 in 1137ms (next.js: 494ms, proxy.ts: 521ms, application-code: 122ms)
 GET /api/categories 200 in 1709ms (next.js: 36ms, application-code: 1673ms)
 GET /api/courses 200 in 1550ms (next.js: 17ms, application-code: 1533ms)
 GET /api/categories 200 in 4.1s (next.js: 18ms, application-code: 4.1s)
 GET /api/courses 200 in 2.4s (next.js: 13ms, application-code: 2.4s)
 GET /api/courses 200 in 2.3s (next.js: 18ms, application-code: 2.3s)
 GET /api/courses 200 in 1458ms (next.js: 5ms, application-code: 1453ms)
 GET /api/courses 200 in 1664ms (next.js: 12ms, application-code: 1653ms)
 GET /api/courses 200 in 1549ms (next.js: 16ms, application-code: 1533ms)
✓ Compiled in 1164ms
 GET /onboarding 200 in 1349ms (next.js: 28ms, proxy.ts: 1228ms, application-code: 93ms)
 GET /api/courses 200 in 1281ms (next.js: 9ms, application-code: 1272ms)
 GET / 200 in 3.5s (next.js: 36ms, proxy.ts: 3.3s, application-code: 135ms)
 GET /courses 200 in 3.4s (next.js: 94ms, proxy.ts: 3.2s, application-code: 84ms)
 POST /api/enrollment 201 in 6.8s (next.js: 186ms, application-code: 6.6s)
 GET / 200 in 611ms (next.js: 21ms, proxy.ts: 527ms, application-code: 63ms)
 GET /api/courses 200 in 1711ms (next.js: 33ms, application-code: 1678ms)
 GET /api/categories 200 in 2.3s (next.js: 11ms, application-code: 2.3s)
 GET /api/courses 200 in 1731ms (next.js: 5ms, application-code: 1725ms)
 GET /api/categories 200 in 1164ms (next.js: 8ms, application-code: 1156ms)
 GET /api/courses 200 in 2.2s (next.js: 204ms, application-code: 1965ms)
 GET /api/courses 200 in 1227ms (next.js: 36ms, application-code: 1191ms)
 GET /api/courses 200 in 1142ms (next.js: 15ms, application-code: 1126ms)
 GET /api/courses 200 in 1440ms (next.js: 25ms, application-code: 1415ms)
 GET /api/courses 200 in 912ms (next.js: 5ms, application-code: 907ms)
 GET /api/courses 200 in 1643ms (next.js: 11ms, application-code: 1632ms)
 GET /api/courses 200 in 867ms (next.js: 9ms, application-code: 857ms)
 GET /settings 200 in 1340ms (next.js: 244ms, proxy.ts: 973ms, application-code: 123ms)
 GET /api/profile 200 in 1565ms (next.js: 89ms, application-code: 1475ms)
 GET /api/profile 200 in 589ms (next.js: 16ms, application-code: 573ms)
 GET /api/courses 200 in 2.2s (next.js: 17ms, application-code: 2.2s)
 GET /api/courses 200 in 4.1s (next.js: 50ms, application-code: 4.1s)
 GET /api/courses 200 in 1054ms (next.js: 11ms, application-code: 1043ms)
 GET /settings 200 in 1218ms (next.js: 22ms, proxy.ts: 773ms, application-code: 423ms)
 GET /api/auth/session 200 in 1305ms (next.js: 60ms, application-code: 1245ms)
 GET /api/profile 200 in 1758ms (next.js: 54ms, application-code: 1705ms)
 GET /api/profile 200 in 899ms (next.js: 16ms, application-code: 883ms)
 GET /api/auth/session 200 in 1155ms (next.js: 9ms, application-code: 1145ms)
 GET /api/auth/session 200 in 334ms (next.js: 11ms, application-code: 322ms)
 GET /api/auth/session 200 in 342ms (next.js: 10ms, application-code: 331ms)
 GET /api/courses 200 in 1473ms (next.js: 8ms, application-code: 1465ms)
 GET /api/courses 200 in 1309ms (next.js: 7ms, application-code: 1302ms)
 GET /api/courses 200 in 1369ms (next.js: 8ms, application-code: 1361ms)
 GET /api/courses 200 in 1458ms (next.js: 8ms, application-code: 1449ms)
 GET /api/courses 200 in 1625ms (next.js: 16ms, application-code: 1609ms)
 GET /auth/login 200 in 166ms (next.js: 42ms, proxy.ts: 15ms, application-code: 109ms)
 GET /api/courses 200 in 1083ms (next.js: 7ms, application-code: 1076ms)
 GET /api/courses 200 in 1668ms (next.js: 8ms, application-code: 1660ms)
 GET /api/auth/session 200 in 1119ms (next.js: 29ms, application-code: 1091ms)
 GET /api/auth/session 200 in 1340ms (next.js: 14ms, application-code: 1326ms)
 GET /api/auth/session 200 in 405ms (next.js: 7ms, application-code: 398ms)
 GET /api/auth/session 200 in 682ms (next.js: 9ms, application-code: 674ms)
 GET /api/courses 200 in 1773ms (next.js: 11ms, application-code: 1762ms)
 GET /api/courses 200 in 1607ms (next.js: 9ms, application-code: 1598ms)
 GET /api/courses 200 in 1528ms (next.js: 19ms, application-code: 1509ms)
 GET /api/auth/session 200 in 830ms (next.js: 28ms, application-code: 802ms)
 GET /api/auth/session 200 in 926ms (next.js: 60ms, application-code: 866ms)
 GET /api/auth/session 200 in 1318ms (next.js: 10ms, application-code: 1308ms)
 GET /api/auth/session 200 in 478ms (next.js: 7ms, application-code: 471ms)
 GET /api/auth/session 200 in 626ms (next.js: 7ms, application-code: 618ms)
 GET /api/courses 200 in 1890ms (next.js: 33ms, application-code: 1856ms)
 GET /api/auth/session 200 in 933ms (next.js: 14ms, application-code: 918ms)
 GET /api/auth/session 200 in 524ms (next.js: 18ms, application-code: 505ms)
 GET /api/auth/session 200 in 748ms (next.js: 8ms, application-code: 740ms)
 GET / 200 in 931ms (next.js: 57ms, proxy.ts: 829ms, application-code: 46ms)
 GET /api/courses 200 in 1306ms (next.js: 5ms, application-code: 1301ms)
 GET /api/courses 200 in 1368ms (next.js: 15ms, application-code: 1353ms)
 GET /api/categories 200 in 2.6s (next.js: 44ms, application-code: 2.5s)
 GET /api/courses 200 in 1213ms (next.js: 42ms, application-code: 1171ms)
 GET /api/categories 200 in 1427ms (next.js: 90ms, application-code: 1337ms)
 GET /api/courses 200 in 1243ms (next.js: 36ms, application-code: 1207ms)
 GET /api/courses 200 in 1328ms (next.js: 21ms, application-code: 1307ms)
 GET /api/courses 200 in 1575ms (next.js: 53ms, application-code: 1521ms)
 GET /api/categories 200 in 1608ms (next.js: 34ms, application-code: 1574ms)
 GET /api/courses 200 in 1097ms (next.js: 17ms, application-code: 1079ms)
 GET /api/categories 200 in 1726ms (next.js: 56ms, application-code: 1670ms)
 GET /api/courses 200 in 1807ms (next.js: 29ms, application-code: 1778ms)
 GET /api/courses 200 in 1788ms (next.js: 30ms, application-code: 1758ms)
 GET /api/courses 200 in 1819ms (next.js: 8ms, application-code: 1812ms)
 GET /api/courses 200 in 1990ms (next.js: 8ms, application-code: 1982ms)
 GET /api/courses 200 in 1127ms (next.js: 12ms, application-code: 1116ms)
 GET /api/courses 200 in 1262ms (next.js: 16ms, application-code: 1246ms)
 GET /api/courses 200 in 1578ms (next.js: 24ms, application-code: 1554ms)
 GET /api/courses 200 in 1840ms (next.js: 25ms, application-code: 1815ms)
 GET /api/courses 200 in 2.3s (next.js: 49ms, application-code: 2.2s)
 GET /api/courses 200 in 2.5s (next.js: 23ms, application-code: 2.5s)
 GET /api/courses 200 in 1841ms (next.js: 15ms, application-code: 1826ms)
 GET /api/courses 200 in 1717ms (next.js: 14ms, application-code: 1703ms)
 GET / 200 in 1921ms (next.js: 63ms, proxy.ts: 1667ms, application-code: 191ms)
 GET /api/auth/session 200 in 832ms (next.js: 33ms, application-code: 799ms)
 GET /api/auth/session 200 in 1030ms (next.js: 7ms, application-code: 1023ms)
 GET /api/courses 200 in 2.1s (next.js: 32ms, application-code: 2.0s)
 GET /api/categories 200 in 2.1s (next.js: 13ms, application-code: 2.1s)
 GET /api/courses 200 in 996ms (next.js: 8ms, application-code: 988ms)
 GET /api/categories 200 in 917ms (next.js: 95ms, application-code: 823ms)
 GET /api/courses 200 in 1230ms (next.js: 42ms, application-code: 1189ms)
 GET /api/auth/session 200 in 3.2s (next.js: 16ms, application-code: 3.2s)
 GET /api/auth/session 200 in 1187ms (next.js: 38ms, application-code: 1149ms)
 GET /api/courses 200 in 1521ms (next.js: 48ms, application-code: 1473ms)
 GET /assignments?courseId=cmugzn6xn000dmgh33erhzl9z 200 in 1084ms (next.js: 112ms, proxy.ts: 867ms, application-code: 105ms)
 GET /api/courses 200 in 899ms (next.js: 19ms, application-code: 880ms)
 GET /api/courses 200 in 1074ms (next.js: 16ms, application-code: 1057ms)
 GET /api/assignments 200 in 1879ms (next.js: 41ms, application-code: 1838ms)
 GET /api/courses 200 in 931ms (next.js: 24ms, application-code: 907ms)
 GET /api/assignments 200 in 1054ms (next.js: 35ms, application-code: 1019ms)
 GET /api/courses 200 in 1337ms (next.js: 29ms, application-code: 1309ms)
 PATCH /api/assignments/cmugzn7en000gmgh3d4p75fs0 200 in 2.3s (next.js: 87ms, application-code: 2.2s)
 GET /api/assignments 200 in 989ms (next.js: 16ms, application-code: 973ms)
 GET /api/courses 200 in 1422ms (next.js: 16ms, application-code: 1406ms)
 GET /api/courses 200 in 1535ms (next.js: 57ms, application-code: 1478ms)
 GET / 200 in 1430ms (next.js: 32ms, proxy.ts: 1243ms, application-code: 155ms)
 GET /api/courses 200 in 1408ms (next.js: 8ms, application-code: 1400ms)
 GET /api/categories 200 in 1383ms (next.js: 13ms, application-code: 1370ms)
 GET /api/courses 200 in 2.2s (next.js: 29ms, application-code: 2.2s)
 GET /api/categories 200 in 1384ms (next.js: 21ms, application-code: 1363ms)
 GET /api/courses 200 in 1369ms (next.js: 28ms, application-code: 1341ms)
 GET /api/courses 200 in 1316ms (next.js: 25ms, application-code: 1292ms)
 GET /api/courses 200 in 1408ms (next.js: 6ms, application-code: 1402ms)
 GET /api/courses 200 in 1337ms (next.js: 19ms, application-code: 1318ms)
 GET /api/courses 200 in 1604ms (next.js: 18ms, application-code: 1585ms)
 GET /api/courses 200 in 1323ms (next.js: 19ms, application-code: 1304ms)
 GET /api/courses 200 in 2.0s (next.js: 5ms, application-code: 2.0s)
 GET /api/courses 200 in 1129ms (next.js: 11ms, application-code: 1119ms)
 GET /api/courses 200 in 1118ms (next.js: 12ms, application-code: 1106ms)
 GET /api/courses 200 in 1482ms (next.js: 12ms, application-code: 1470ms)
 GET /api/courses 200 in 2.0s (next.js: 20ms, application-code: 2.0s)
 GET /api/courses 200 in 1264ms (next.js: 13ms, application-code: 1251ms)
 GET /api/courses 200 in 1666ms (next.js: 10ms, application-code: 1656ms)
 GET /api/courses 200 in 1503ms (next.js: 27ms, application-code: 1475ms)
 GET /api/courses 200 in 1792ms (next.js: 5ms, application-code: 1787ms)
 GET /api/courses 200 in 1100ms (next.js: 8ms, application-code: 1091ms)
 GET /api/courses 200 in 1631ms (next.js: 20ms, application-code: 1611ms)
 GET /api/courses 200 in 1279ms (next.js: 11ms, application-code: 1268ms)
 GET /api/courses 200 in 2.1s (next.js: 24ms, application-code: 2.1s)
 GET /api/courses 200 in 1431ms (next.js: 13ms, application-code: 1418ms)
 GET /api/courses 200 in 3.0s (next.js: 7ms, application-code: 3.0s)
 GET /api/courses 200 in 1765ms (next.js: 29ms, application-code: 1736ms)
 GET /api/courses 200 in 1740ms (next.js: 22ms, application-code: 1717ms)
 GET /api/courses 200 in 1381ms (next.js: 10ms, application-code: 1371ms)
 GET /api/courses 200 in 1664ms (next.js: 13ms, application-code: 1651ms)
 GET /api/courses 200 in 1273ms (next.js: 14ms, application-code: 1259ms)
 GET /api/courses 200 in 1538ms (next.js: 7ms, application-code: 1531ms)
 GET /api/courses 200 in 1297ms (next.js: 24ms, application-code: 1273ms)
 GET /api/courses 200 in 1623ms (next.js: 7ms, application-code: 1616ms)
 GET /api/auth/session 200 in 781ms (next.js: 30ms, application-code: 751ms)
 GET /api/auth/session 200 in 764ms (next.js: 7ms, application-code: 758ms)
 GET /api/courses 200 in 1112ms (next.js: 14ms, application-code: 1099ms)
 GET /api/courses 200 in 1835ms (next.js: 27ms, application-code: 1807ms)
 GET /assignments?courseId=cmugzn6xn000dmgh33erhzl9z 200 in 939ms (next.js: 32ms, proxy.ts: 784ms, application-code: 123ms)
 GET /api/courses 200 in 1623ms (next.js: 14ms, application-code: 1608ms)
 GET /api/courses 200 in 1768ms (next.js: 10ms, application-code: 1759ms)
 GET /api/assignments 200 in 1775ms (next.js: 29ms, application-code: 1747ms)
 GET /api/courses 200 in 1441ms (next.js: 49ms, application-code: 1391ms)
 GET /api/assignments 200 in 1731ms (next.js: 18ms, application-code: 1713ms)
 PATCH /api/assignments/cmugzn7en000hmgh3quahx158 200 in 1584ms (next.js: 30ms, application-code: 1555ms)
 GET /api/courses 200 in 1284ms (next.js: 8ms, application-code: 1276ms)
 GET /api/courses 200 in 1958ms (next.js: 24ms, application-code: 1934ms)
 GET /api/assignments 200 in 2.2s (next.js: 8ms, application-code: 2.2s)
 GET /api/courses 200 in 1083ms (next.js: 6ms, application-code: 1077ms)
 GET / 200 in 883ms (next.js: 14ms, proxy.ts: 812ms, application-code: 56ms)
 GET /api/courses 200 in 1276ms (next.js: 44ms, application-code: 1233ms)
 GET /api/categories 200 in 1369ms (next.js: 20ms, application-code: 1350ms)
 GET /api/courses 200 in 892ms (next.js: 9ms, application-code: 883ms)
 GET /api/categories 200 in 1055ms (next.js: 10ms, application-code: 1045ms)
 GET /api/courses 200 in 1522ms (next.js: 6ms, application-code: 1516ms)
 GET /api/courses 200 in 1675ms (next.js: 6ms, application-code: 1669ms)
 GET /api/courses 200 in 1106ms (next.js: 9ms, application-code: 1097ms)
 GET /api/courses 200 in 856ms (next.js: 7ms, application-code: 849ms)
 GET /api/courses 200 in 1085ms (next.js: 9ms, application-code: 1076ms)
 GET /api/courses 200 in 1152ms (next.js: 35ms, application-code: 1118ms)
 GET /api/auth/csrf 200 in 145ms (next.js: 81ms, application-code: 64ms)
 POST /api/auth/signout 200 in 31ms (next.js: 9ms, application-code: 22ms)
 GET /auth/login 200 in 277ms (next.js: 20ms, proxy.ts: 19ms, application-code: 238ms)
 GET /api/auth/session 200 in 170ms (next.js: 50ms, application-code: 121ms)
 GET /api/auth/providers 200 in 171ms (next.js: 69ms, application-code: 102ms)
 GET /api/auth/session 200 in 37ms (next.js: 12ms, application-code: 25ms)
 GET /api/auth/session 200 in 70ms (next.js: 8ms, application-code: 62ms)
 GET /api/auth/providers 200 in 74ms (next.js: 41ms, application-code: 32ms)
 GET /api/auth/session 200 in 50ms (next.js: 18ms, application-code: 32ms)
 GET /api/courses 200 in 1165ms (next.js: 10ms, application-code: 1155ms)
 GET /api/courses 200 in 1356ms (next.js: 8ms, application-code: 1349ms)
 GET /api/courses 200 in 1044ms (next.js: 24ms, application-code: 1019ms)
 GET /api/courses 200 in 1208ms (next.js: 40ms, application-code: 1168ms)
 GET /api/courses 200 in 1685ms (next.js: 41ms, application-code: 1644ms)
 GET /api/courses 200 in 1169ms (next.js: 17ms, application-code: 1153ms)
 GET /api/courses 200 in 1041ms (next.js: 13ms, application-code: 1028ms)
 GET /api/courses 200 in 1009ms (next.js: 9ms, application-code: 1001ms)
 GET /api/courses 200 in 1936ms (next.js: 6ms, application-code: 1930ms)
 GET /api/courses 200 in 1265ms (next.js: 14ms, application-code: 1251ms)
 GET /api/courses 200 in 1243ms (next.js: 9ms, application-code: 1234ms)
 GET /api/courses 200 in 1569ms (next.js: 24ms, application-code: 1544ms)
 GET /api/courses 200 in 1330ms (next.js: 38ms, application-code: 1292ms)
 GET /api/courses 200 in 1243ms (next.js: 14ms, application-code: 1228ms)
 GET /api/courses 200 in 1537ms (next.js: 13ms, application-code: 1524ms)
 GET /api/auth/session 200 in 2.8s (next.js: 100ms, application-code: 2.7s)
 GET /api/auth/session 200 in 3.0s (next.js: 32ms, application-code: 2.9s)
 GET /api/auth/session 200 in 428ms (next.js: 32ms, application-code: 396ms)
 GET /api/auth/session 200 in 358ms (next.js: 20ms, application-code: 338ms)
 GET /api/courses 200 in 1531ms (next.js: 7ms, application-code: 1525ms)
 GET /api/courses 200 in 1012ms (next.js: 12ms, application-code: 1000ms)
 GET /api/courses 200 in 1013ms (next.js: 6ms, application-code: 1007ms)
 GET /api/courses 200 in 1240ms (next.js: 6ms, application-code: 1234ms)
 GET /api/courses 200 in 1064ms (next.js: 18ms, application-code: 1046ms)
 GET /api/courses 200 in 1065ms (next.js: 17ms, application-code: 1048ms)
 GET /api/courses 200 in 1301ms (next.js: 18ms, application-code: 1283ms)
 GET /api/courses 200 in 1302ms (next.js: 8ms, application-code: 1294ms)
 GET /api/courses 200 in 1043ms (next.js: 14ms, application-code: 1029ms)
 GET /api/courses 200 in 1144ms (next.js: 31ms, application-code: 1113ms)
 GET /api/courses 200 in 1368ms (next.js: 6ms, application-code: 1362ms)
 GET /api/courses 200 in 1270ms (next.js: 8ms, application-code: 1262ms)
 GET /api/courses 200 in 1211ms (next.js: 18ms, application-code: 1193ms)
 GET /api/courses 200 in 1519ms (next.js: 30ms, application-code: 1489ms)
 GET /api/courses 200 in 1112ms (next.js: 7ms, application-code: 1105ms)
 GET /api/courses 200 in 1082ms (next.js: 18ms, application-code: 1064ms)
 GET /api/courses 200 in 1303ms (next.js: 17ms, application-code: 1286ms)
 GET /api/courses 200 in 1421ms (next.js: 6ms, application-code: 1415ms)
 GET /api/courses 200 in 1103ms (next.js: 7ms, application-code: 1096ms)
 GET /api/courses 200 in 1016ms (next.js: 15ms, application-code: 1001ms)
 GET /api/courses 200 in 1699ms (next.js: 5ms, application-code: 1695ms)
 GET /api/auth/session 200 in 1888ms (next.js: 187ms, application-code: 1701ms)
 GET /api/auth/session 200 in 1965ms (next.js: 277ms, application-code: 1688ms)
 GET /api/auth/session 200 in 878ms (next.js: 9ms, application-code: 868ms)
 GET /api/auth/session 200 in 368ms (next.js: 9ms, application-code: 360ms)
 GET /api/courses 200 in 4.4s (next.js: 17ms, application-code: 4.4s)
 GET /api/courses 200 in 1189ms (next.js: 8ms, application-code: 1180ms)
 GET /api/courses 200 in 1203ms (next.js: 9ms, application-code: 1194ms)
 GET /api/courses 200 in 1236ms (next.js: 26ms, application-code: 1210ms)
 GET /api/courses 200 in 1494ms (next.js: 61ms, application-code: 1432ms)
 GET /api/courses 200 in 1232ms (next.js: 29ms, application-code: 1203ms)
 GET /api/courses 200 in 1109ms (next.js: 7ms, application-code: 1102ms)
 GET /api/courses 200 in 1471ms (next.js: 20ms, application-code: 1451ms)
 GET /api/courses 200 in 1334ms (next.js: 23ms, application-code: 1311ms)
 GET /api/courses 200 in 1093ms (next.js: 14ms, application-code: 1079ms)
 GET /api/courses 200 in 1147ms (next.js: 14ms, application-code: 1133ms)
 GET /api/courses 200 in 1374ms (next.js: 10ms, application-code: 1364ms)
 GET /api/courses 200 in 1664ms (next.js: 17ms, application-code: 1648ms)
 GET /api/courses 200 in 1389ms (next.js: 19ms, application-code: 1370ms)
 GET /api/courses 200 in 1468ms (next.js: 6ms, application-code: 1462ms)
 GET /api/courses 200 in 2.1s (next.js: 10ms, application-code: 2.1s)
 GET /api/courses 200 in 1665ms (next.js: 14ms, application-code: 1651ms)
 GET /api/courses 200 in 1337ms (next.js: 44ms, application-code: 1293ms)
 GET /api/courses 200 in 1768ms (next.js: 35ms, application-code: 1734ms)
 GET /api/auth/session 200 in 973ms (next.js: 56ms, application-code: 917ms)
 GET /api/auth/session 200 in 867ms (next.js: 10ms, application-code: 857ms)
 GET /api/auth/session 200 in 340ms (next.js: 9ms, application-code: 331ms)
 GET /api/auth/session 200 in 315ms (next.js: 13ms, application-code: 302ms)
 GET /api/courses 200 in 1432ms (next.js: 72ms, application-code: 1359ms)
 GET /api/courses 200 in 1405ms (next.js: 11ms, application-code: 1393ms)
 GET /api/courses 200 in 1954ms (next.js: 32ms, application-code: 1922ms)
 GET /api/courses 200 in 1237ms (next.js: 34ms, application-code: 1203ms)
 GET /api/courses 200 in 1098ms (next.js: 18ms, application-code: 1080ms)
 GET /api/courses 200 in 1065ms (next.js: 7ms, application-code: 1058ms)
 GET /api/courses 200 in 2.3s (next.js: 68ms, application-code: 2.2s)
 GET /api/courses 200 in 1388ms (next.js: 30ms, application-code: 1358ms)
 GET /api/courses 200 in 1287ms (next.js: 28ms, application-code: 1259ms)
 GET /api/courses 200 in 1536ms (next.js: 27ms, application-code: 1509ms)
 GET /api/courses 200 in 1228ms (next.js: 61ms, application-code: 1166ms)
 GET /api/courses 200 in 1202ms (next.js: 5ms, application-code: 1197ms)
 GET /api/courses 200 in 1564ms (next.js: 18ms, application-code: 1546ms)
 GET /api/courses 200 in 1639ms (next.js: 8ms, application-code: 1631ms)
 GET /api/courses 200 in 1089ms (next.js: 12ms, application-code: 1077ms)
 GET /api/courses 200 in 1145ms (next.js: 12ms, application-code: 1132ms)
 GET /api/courses 200 in 1665ms (next.js: 8ms, application-code: 1657ms)
 GET /api/courses 200 in 1279ms (next.js: 6ms, application-code: 1273ms)
 GET /api/courses 200 in 1085ms (next.js: 10ms, application-code: 1075ms)
 GET /api/courses 200 in 1482ms (next.js: 20ms, application-code: 1462ms)
 GET /api/auth/session 200 in 571ms (next.js: 35ms, application-code: 536ms)
 GET /api/auth/session 200 in 851ms (next.js: 62ms, application-code: 789ms)
 GET /api/auth/session 200 in 290ms (next.js: 8ms, application-code: 282ms)
 GET /api/auth/session 200 in 308ms (next.js: 14ms, application-code: 294ms)
 GET /api/courses 200 in 1301ms (next.js: 8ms, application-code: 1293ms)
 GET /api/courses 200 in 1163ms (next.js: 24ms, application-code: 1139ms)
 GET /api/auth/session 200 in 826ms (next.js: 51ms, application-code: 775ms)
 GET /api/auth/session 200 in 572ms (next.js: 7ms, application-code: 565ms)
 GET /api/auth/session 200 in 3.1s (next.js: 15ms, application-code: 3.1s)
 GET /api/auth/session 200 in 952ms (next.js: 29ms, application-code: 924ms)
 GET /api/courses 200 in 1947ms (next.js: 8ms, application-code: 1939ms)
 GET /api/courses 200 in 921ms (next.js: 9ms, application-code: 912ms)
 GET /api/courses 200 in 1046ms (next.js: 9ms, application-code: 1037ms)
 GET /api/courses 200 in 1322ms (next.js: 6ms, application-code: 1315ms)
 GET /api/courses 200 in 1468ms (next.js: 8ms, application-code: 1460ms)
 GET /api/courses 200 in 1116ms (next.js: 20ms, application-code: 1096ms)
 GET /api/courses 200 in 1403ms (next.js: 6ms, application-code: 1397ms)
 GET /api/courses 200 in 1086ms (next.js: 5ms, application-code: 1081ms)
 GET /api/courses 200 in 1627ms (next.js: 45ms, application-code: 1582ms)
 GET /api/courses 200 in 2.8s (next.js: 479ms, application-code: 2.3s)
 GET /api/courses 200 in 1799ms (next.js: 181ms, application-code: 1617ms)
 GET /api/courses 200 in 1249ms (next.js: 9ms, application-code: 1240ms)
 GET /api/courses 200 in 2.3s (next.js: 9ms, application-code: 2.3s)
 GET /api/courses 200 in 1158ms (next.js: 9ms, application-code: 1149ms)
 GET /api/courses 200 in 1068ms (next.js: 8ms, application-code: 1060ms)
 GET /api/courses 200 in 1354ms (next.js: 9ms, application-code: 1345ms)
 GET /api/courses 200 in 1045ms (next.js: 8ms, application-code: 1037ms)
 GET /api/courses 200 in 1754ms (next.js: 93ms, application-code: 1661ms)
 GET /api/courses 200 in 1155ms (next.js: 42ms, application-code: 1113ms)
 GET /api/courses 200 in 2.2s (next.js: 9ms, application-code: 2.2s)
 GET /api/courses 200 in 1246ms (next.js: 75ms, application-code: 1171ms)
 GET /api/courses 200 in 1307ms (next.js: 31ms, application-code: 1276ms)
 GET /api/courses 200 in 1655ms (next.js: 420ms, application-code: 1235ms)
 GET /api/courses 200 in 2.6s (next.js: 12ms, application-code: 2.6s)
 GET /api/courses 200 in 4.5s (next.js: 12ms, application-code: 4.5s)
 GET /api/courses 200 in 1483ms (next.js: 34ms, application-code: 1449ms)
 GET /api/courses 200 in 1378ms (next.js: 111ms, application-code: 1267ms)
 GET /api/courses 200 in 2.6s (next.js: 456ms, application-code: 2.1s)
 GET /api/courses 200 in 1509ms (next.js: 185ms, application-code: 1324ms)
 GET /api/courses 200 in 1995ms (next.js: 106ms, application-code: 1888ms)
 GET /api/courses 200 in 1759ms (next.js: 48ms, application-code: 1711ms)
 GET /api/courses 200 in 1490ms (next.js: 96ms, application-code: 1394ms)
 GET /api/courses 200 in 1007ms (next.js: 9ms, application-code: 998ms)
 GET /api/courses 200 in 1047ms (next.js: 9ms, application-code: 1038ms)
 GET /api/courses 200 in 1071ms (next.js: 7ms, application-code: 1064ms)
 GET /api/courses 200 in 1574ms (next.js: 30ms, application-code: 1543ms)
 GET /api/courses 200 in 1050ms (next.js: 12ms, application-code: 1038ms)
 GET /api/courses 200 in 1121ms (next.js: 9ms, application-code: 1113ms)
 GET /api/courses 200 in 1579ms (next.js: 11ms, application-code: 1568ms)
